Archive member included to satisfy reference by file (symbol)

c:/program files (x86)/atmel/studio/7.0/toolchain/avr8/avr8-gnu-toolchain/bin/../lib/gcc/avr/5.4.0/avr5\libgcc.a(_udivmodsi4.o)
                              src/PWM_logic.o (__udivmodsi4)
c:/program files (x86)/atmel/studio/7.0/toolchain/avr8/avr8-gnu-toolchain/bin/../lib/gcc/avr/5.4.0/avr5\libgcc.a(_exit.o)
                              C:/Program Files (x86)/Atmel/Studio/7.0/Packs/atmel/ATmega_DFP/1.7.374/gcc/dev/atmega32/avr5/crtatmega32.o (exit)
c:/program files (x86)/atmel/studio/7.0/toolchain/avr8/avr8-gnu-toolchain/bin/../lib/gcc/avr/5.4.0/avr5\libgcc.a(_clear_bss.o)
                              src/initialization.o (__do_clear_bss)
c:/program files (x86)/atmel/studio/7.0/toolchain/avr8/avr8-gnu-toolchain/bin/../lib/gcc/avr/5.4.0/avr5\libgcc.a(_umulhisi3.o)
                              src/PWM_logic.o (__umulhisi3)
c:/program files (x86)/atmel/studio/7.0/toolchain/avr8/avr8-gnu-toolchain/bin/../lib/gcc/avr/5.4.0/../../../../avr/lib/avr5\libc.a(atoi.o)
                              src/USART.o (atoi)
c:/program files (x86)/atmel/studio/7.0/toolchain/avr8/avr8-gnu-toolchain/bin/../lib/gcc/avr/5.4.0/../../../../avr/lib/avr5\libc.a(itoa_ncheck.o)
                              src/PWM_logic.o (__itoa_ncheck)
c:/program files (x86)/atmel/studio/7.0/toolchain/avr8/avr8-gnu-toolchain/bin/../lib/gcc/avr/5.4.0/../../../../avr/lib/avr5\libc.a(mul10.o)
                              c:/program files (x86)/atmel/studio/7.0/toolchain/avr8/avr8-gnu-toolchain/bin/../lib/gcc/avr/5.4.0/../../../../avr/lib/avr5\libc.a(atoi.o) (__mulhi_const_10)
c:/program files (x86)/atmel/studio/7.0/toolchain/avr8/avr8-gnu-toolchain/bin/../lib/gcc/avr/5.4.0/../../../../avr/lib/avr5\libc.a(utoa_ncheck.o)
                              c:/program files (x86)/atmel/studio/7.0/toolchain/avr8/avr8-gnu-toolchain/bin/../lib/gcc/avr/5.4.0/../../../../avr/lib/avr5\libc.a(itoa_ncheck.o) (__utoa_common)
c:/program files (x86)/atmel/studio/7.0/toolchain/avr8/avr8-gnu-toolchain/bin/../lib/gcc/avr/5.4.0/../../../../avr/lib/avr5\libc.a(strrev.o)
                              c:/program files (x86)/atmel/studio/7.0/toolchain/avr8/avr8-gnu-toolchain/bin/../lib/gcc/avr/5.4.0/../../../../avr/lib/avr5\libc.a(utoa_ncheck.o) (strrev)

Allocating common symbols
Common symbol       size              file

signal_off          0x1               src/initialization.o
var_1ms             0x1               src/initialization.o
temp                0x6               src/USART.o
position_ASCII      0x2               src/initialization.o
up_pulses           0x2               src/initialization.o
signal_on           0x1               src/initialization.o
T_val               0x2               src/initialization.o
FU_val              0x2               src/initialization.o
enable_pwm          0x1               src/initialization.o
display_T           0x1               src/initialization.o
str_measured_value  0x6               src/initialization.o
var_24us            0x1               src/initialization.o
period              0x2               src/initialization.o
channel_position    0x1               src/initialization.o

Discarded input sections

 .data          0x00000000        0x0 C:/Program Files (x86)/Atmel/Studio/7.0/Packs/atmel/ATmega_DFP/1.7.374/gcc/dev/atmega32/avr5/crtatmega32.o
 .bss           0x00000000        0x0 C:/Program Files (x86)/Atmel/Studio/7.0/Packs/atmel/ATmega_DFP/1.7.374/gcc/dev/atmega32/avr5/crtatmega32.o
 .group         0x00000000        0x8 src/initialization.o
 .group         0x00000000        0x8 src/initialization.o
 .group         0x00000000        0x8 src/initialization.o
 .group         0x00000000        0x8 src/initialization.o
 .group         0x00000000        0x8 src/initialization.o
 .group         0x00000000        0x8 src/initialization.o
 .group         0x00000000        0x8 src/initialization.o
 .group         0x00000000        0x8 src/initialization.o
 .group         0x00000000        0x8 src/initialization.o
 .group         0x00000000        0x8 src/initialization.o
 .group         0x00000000        0x8 src/initialization.o
 .group         0x00000000        0x8 src/initialization.o
 .group         0x00000000        0x8 src/initialization.o
 .group         0x00000000        0x8 src/initialization.o
 .group         0x00000000        0x8 src/initialization.o
 .group         0x00000000        0x8 src/initialization.o
 .group         0x00000000        0x8 src/initialization.o
 .group         0x00000000        0x8 src/initialization.o
 .group         0x00000000        0x8 src/initialization.o
 .group         0x00000000        0x8 src/initialization.o
 .group         0x00000000        0x8 src/initialization.o
 .group         0x00000000        0x8 src/initialization.o
 .group         0x00000000        0x8 src/initialization.o
 .group         0x00000000        0x8 src/initialization.o
 .group         0x00000000        0x8 src/initialization.o
[...]
Memory Configuration

Name             Origin             Length             Attributes
text             0x00000000         0x00008000         xr
data             0x00800060         0x00000800         rw !x
eeprom           0x00810000         0x00000400         rw !x
fuse             0x00820000         0x00000002         rw !x
lock             0x00830000         0x00000400         rw !x
signature        0x00840000         0x00000400         rw !x
user_signatures  0x00850000         0x00000400         rw !x
*default*        0x00000000         0xffffffff

Linker script and memory map

LOAD C:/Program Files (x86)/Atmel/Studio/7.0/Packs/atmel/ATmega_DFP/1.7.374/gcc/dev/atmega32/avr5/crtatmega32.o
LOAD src/initialization.o
LOAD src/PWM_logic.o
LOAD src/LCD_functions_start.o
LOAD src/LCD_functions_FU.o
LOAD src/LCD_functions_Off.o
LOAD src/LCD_functions_On.o
LOAD src/LCD_functions_spaces.o
LOAD src/LCD_functions_str.o
LOAD src/LCD_functions_T.o
LOAD src/state_machine.o
LOAD src/PWM_function.o
LOAD src/timere.o
LOAD src/USART.o
LOAD src/ASF/mega/boards/stk600/rcx_x/init.o
LOAD src/main.o
START GROUP
LOAD c:/program files (x86)/atmel/studio/7.0/toolchain/avr8/avr8-gnu-toolchain/bin/../lib/gcc/avr/5.4.0/../../../../avr/lib/avr5\libm.a
END GROUP
START GROUP
LOAD c:/program files (x86)/atmel/studio/7.0/toolchain/avr8/avr8-gnu-toolchain/bin/../lib/gcc/avr/5.4.0/avr5\libgcc.a
LOAD c:/program files (x86)/atmel/studio/7.0/toolchain/avr8/avr8-gnu-toolchain/bin/../lib/gcc/avr/5.4.0/../../../../avr/lib/avr5\libm.a
LOAD c:/program files (x86)/atmel/studio/7.0/toolchain/avr8/avr8-gnu-toolchain/bin/../lib/gcc/avr/5.4.0/../../../../avr/lib/avr5\libc.a
LOAD C:/Program Files (x86)/Atmel/Studio/7.0/Packs/atmel/ATmega_DFP/1.7.374/gcc/dev/atmega32/avr5\libatmega32.a
END GROUP
                0x00000000                __TEXT_REGION_ORIGIN__ = DEFINED (__TEXT_REGION_ORIGIN__)?__TEXT_REGION_ORIGIN__:0x0
                [0x00800060]                __DATA_REGION_ORIGIN__ = DEFINED (__DATA_REGION_ORIGIN__)?__DATA_REGION_ORIGIN__:0x800060
                [0x00008000]                __TEXT_REGION_LENGTH__ = DEFINED (__TEXT_REGION_LENGTH__)?__TEXT_REGION_LENGTH__:0x20000
                [0x00000800]                __DATA_REGION_LENGTH__ = DEFINED (__DATA_REGION_LENGTH__)?__DATA_REGION_LENGTH__:0xffa0
                [0x00000400]                __EEPROM_REGION_LENGTH__ = DEFINED (__EEPROM_REGION_LENGTH__)?__EEPROM_REGION_LENGTH__:0x10000
                [0x00000002]                __FUSE_REGION_LENGTH__ = DEFINED (__FUSE_REGION_LENGTH__)?__FUSE_REGION_LENGTH__:0x400
                0x00000400                __LOCK_REGION_LENGTH__ = DEFINED (__LOCK_REGION_LENGTH__)?__LOCK_REGION_LENGTH__:0x400
                0x00000400                __SIGNATURE_REGION_LENGTH__ = DEFINED (__SIGNATURE_REGION_LENGTH__)?__SIGNATURE_REGION_LENGTH__:0x400
                0x00000400                __USER_SIGNATURE_REGION_LENGTH__ = DEFINED (__USER_SIGNATURE_REGION_LENGTH__)?__USER_SIGNATURE_REGION_LENGTH__:0x400

.hash
 *(.hash)

.dynsym
 *(.dynsym)

.dynstr
 *(.dynstr)

.gnu.version
 *(.gnu.version)

.gnu.version_d
 *(.gnu.version_d)

.gnu.version_r
 *(.gnu.version_r)

.rel.init
 *(.rel.init)

.rela.init
 *(.rela.init)

.rel.text
 *(.rel.text)
 *(.rel.text.*)
 *(.rel.gnu.linkonce.t*)

.rela.text
 *(.rela.text)
 *(.rela.text.*)
 *(.rela.gnu.linkonce.t*)

.rel.fini
 *(.rel.fini)

.rela.fini
 *(.rela.fini)

.rel.rodata
 *(.rel.rodata)
 *(.rel.rodata.*)
 *(.rel.gnu.linkonce.r*)

.rela.rodata
 *(.rela.rodata)
 *(.rela.rodata.*)
 *(.rela.gnu.linkonce.r*)

.rel.data
 *(.rel.data)
 *(.rel.data.*)
 *(.rel.gnu.linkonce.d*)

.rela.data
 *(.rela.data)
 *(.rela.data.*)
 *(.rela.gnu.linkonce.d*)

.rel.ctors
 *(.rel.ctors)

.rela.ctors
 *(.rela.ctors)

.rel.dtors
 *(.rel.dtors)

.rela.dtors
 *(.rela.dtors)

.rel.got
 *(.rel.got)

.rela.got
 *(.rela.got)

.rel.bss
 *(.rel.bss)

.rela.bss
 *(.rela.bss)

.rel.plt
 *(.rel.plt)

.rela.plt
 *(.rela.plt)

.text           0x00000000     0x1c5a
 *(.vectors)
 .vectors       0x00000000       0x54 C:/Program Files (x86)/Atmel/Studio/7.0/Packs/atmel/ATmega_DFP/1.7.374/gcc/dev/atmega32/avr5/crtatmega32.o
                0x00000000                __vector_default
                0x00000000                __vectors
 *(.vectors)
 *(.progmem.gcc*)
                0x00000054                . = ALIGN (0x2)
                0x00000054                __trampolines_start = .
 *(.trampolines)
 .trampolines   0x00000054        0x0 linker stubs
 *(.trampolines*)
                0x00000054                __trampolines_end = .
 *libprintf_flt.a:*(.progmem.data)
 *libc.a:*(.progmem.data)
 *(.progmem*)
                0x00000054                . = ALIGN (0x2)
 *(.jumptables)
 *(.jumptables*)
 *(.lowtext)
 *(.lowtext*)
                0x00000054                __ctors_start = .
 *(.ctors)
                0x00000054                __ctors_end = .
                0x00000054                __dtors_start = .
 *(.dtors)
                0x00000054                __dtors_end = .
 SORT(*)(.ctors)
 SORT(*)(.dtors)
 *(.init0)
 .init0         0x00000054        0x0 C:/Program Files (x86)/Atmel/Studio/7.0/Packs/atmel/ATmega_DFP/1.7.374/gcc/dev/atmega32/avr5/crtatmega32.o
                0x00000054                __init
 *(.init0)
 *(.init1)
 *(.init1)
 *(.init2)
 .init2         0x00000054        0xc C:/Program Files (x86)/Atmel/Studio/7.0/Packs/atmel/ATmega_DFP/1.7.374/gcc/dev/atmega32/avr5/crtatmega32.o
 *(.init2)
 *(.init3)
 *(.init3)
 *(.init4)
 .init4         0x00000060       0x10 c:/program files (x86)/atmel/studio/7.0/toolchain/avr8/avr8-gnu-toolchain/bin/../lib/gcc/avr/5.4.0/avr5\libgcc.a(_clear_bss.o)
                0x00000060                __do_clear_bss
 *(.init4)
 *(.init5)
 *(.init5)
 *(.init6)
 *(.init6)
 *(.init7)
 *(.init7)
 *(.init8)
 *(.init8)
 *(.init9)
 .init9         0x00000070        0x8 C:/Program Files (x86)/Atmel/Studio/7.0/Packs/atmel/ATmega_DFP/1.7.374/gcc/dev/atmega32/avr5/crtatmega32.o
 *(.init9)
 *(.text)
 .text          0x00000078        0x2 C:/Program Files (x86)/Atmel/Studio/7.0/Packs/atmel/ATmega_DFP/1.7.374/gcc/dev/atmega32/avr5/crtatmega32.o
                0x00000078                __vector_1
                0x00000078                __vector_12
                0x00000078                __bad_interrupt
                0x00000078                __vector_6
                0x00000078                __vector_3
                0x00000078                __vector_11
                0x00000078                __vector_17
                0x00000078                __vector_19
                0x00000078                __vector_5
                0x00000078                __vector_4
                0x00000078                __vector_9
                0x00000078                __vector_2
                0x00000078                __vector_8
                0x00000078                __vector_14
                0x00000078                __vector_16
                0x00000078                __vector_18
                0x00000078                __vector_20
                0x0000007a                . = ALIGN (0x2)
 *(.text.*)
 .text.initialization
                0x0000007a       0x4c src/initialization.o
                0x0000007a                initialization
 .text.call_1ms
                0x000000c6      0x166 src/PWM_logic.o
                0x000000c6                call_1ms
 .text.LCD_Command
                0x0000022c       0x20 src/LCD_functions_start.o
                0x0000022c                LCD_Command
 .text.LCD_Init
                0x0000024c       0x2e src/LCD_functions_start.o
                0x0000024c                LCD_Init
 .text.LCD_Char_space
                0x0000027a      0x114 src/LCD_functions_start.o
                0x0000027a                LCD_Char_space
 .text.LCD_Char_ch_1
                0x0000038e       0x8c src/LCD_functions_start.o
                0x0000038e                LCD_Char_ch_1
 .text.LCD_Char_ch_2
                0x0000041a       0x8c src/LCD_functions_start.o
                0x0000041a                LCD_Char_ch_2
 .text.LCD_Char_ch_3
                0x000004a6       0x8c src/LCD_functions_start.o
                0x000004a6                LCD_Char_ch_3
 .text.LCD_Char_ch_4
                0x00000532       0x8c src/LCD_functions_start.o
                0x00000532                LCD_Char_ch_4
 .text.LCD_Char_C
                0x000005be      0x11c src/LCD_functions_start.o
                0x000005be                LCD_Char_C
 .text.LCD_String_start
                0x000006da       0xac src/LCD_functions_start.o
                0x000006da                LCD_String_start
 .text.LCD_Char_U
                0x00000786       0x8c src/LCD_functions_FU.o
                0x00000786                LCD_Char_U
 .text.LCD_Char_F
                0x00000812       0x8c src/LCD_functions_FU.o
                0x00000812                LCD_Char_F
 .text.LCD_Char_percent
                0x0000089e       0x8c src/LCD_functions_FU.o
                0x0000089e                LCD_Char_percent
 .text.LCD_Char_f2
                0x0000092a       0x8c src/LCD_functions_Off.o
                0x0000092a                LCD_Char_f2
 .text.LCD_Char_f1
                0x000009b6       0x8c src/LCD_functions_Off.o
                0x000009b6                LCD_Char_f1
 .text.LCD_Char_O2
                0x00000a42       0x8c src/LCD_functions_Off.o
                0x00000a42                LCD_Char_O2
 .text.LCD_Char_n
                0x00000ace       0x8c src/LCD_functions_On.o
                0x00000ace                LCD_Char_n
 .text.LCD_Char_O1
                0x00000b5a       0x8c src/LCD_functions_On.o
                0x00000b5a                LCD_Char_O1
 .text.LCD_Char_space11
                0x00000be6       0x84 src/LCD_functions_spaces.o
                0x00000be6                LCD_Char_space11
 .text.LCD_Char_space10
                0x00000c6a       0x8c src/LCD_functions_spaces.o
                0x00000c6a                LCD_Char_space10
 .text.LCD_Char_space9
                0x00000cf6       0x8c src/LCD_functions_spaces.o
                0x00000cf6                LCD_Char_space9
 .text.LCD_Char_space8
                0x00000d82       0x8c src/LCD_functions_spaces.o
                0x00000d82                LCD_Char_space8
 .text.LCD_Char_space7
                0x00000e0e       0x8c src/LCD_functions_spaces.o
                0x00000e0e                LCD_Char_space7
 .text.LCD_Char_space6
                0x00000e9a       0x8c src/LCD_functions_spaces.o
                0x00000e9a                LCD_Char_space6
 .text.LCD_Char_space5
                0x00000f26       0x8c src/LCD_functions_spaces.o
                0x00000f26                LCD_Char_space5
 .text.LCD_Char_space4
                0x00000fb2       0x8c src/LCD_functions_spaces.o
                0x00000fb2                LCD_Char_space4
 .text.LCD_Char_space3
                0x0000103e       0x8c src/LCD_functions_spaces.o
                0x0000103e                LCD_Char_space3
 .text.LCD_Char_space2
                0x000010ca       0x8c src/LCD_functions_spaces.o
                0x000010ca                LCD_Char_space2
 .text.LCD_Char_space1
                0x00001156       0x8c src/LCD_functions_spaces.o
                0x00001156                LCD_Char_space1
 .text.LCD_Char_str3
                0x000011e2       0xba src/LCD_functions_str.o
                0x000011e2                LCD_Char_str3
 .text.LCD_Char_str2
                0x0000129c       0xe6 src/LCD_functions_str.o
                0x0000129c                LCD_Char_str2
 .text.LCD_Char_str1
                0x00001382       0xe6 src/LCD_functions_str.o
                0x00001382                LCD_Char_str1
 .text.LCD_Char_str0
                0x00001468       0xe6 src/LCD_functions_str.o
                0x00001468                LCD_Char_str0
 .text.LCD_Char_ddot
                0x0000154e       0xb8 src/LCD_functions_T.o
                0x0000154e                LCD_Char_ddot
 .text.LCD_Char_T
                0x00001606       0x8c src/LCD_functions_T.o
                0x00001606                LCD_Char_T
 .text.LCD_Char_space_fromT
                0x00001692       0x8c src/LCD_functions_T.o
                0x00001692                LCD_Char_space_fromT
 .text.LCD_Char_s
                0x0000171e       0x8c src/LCD_functions_T.o
                0x0000171e                LCD_Char_s
 .text.LCD_Char_m
                0x000017aa       0x8c src/LCD_functions_T.o
                0x000017aa                LCD_Char_m
 .text.state_machine
                0x00001836       0x60 src/state_machine.o
                0x00001836                state_machine
 .text.switch_T_FU
                0x00001896       0x40 src/state_machine.o
                0x00001896                switch_T_FU
 .text.pwm0     0x000018d6       0x58 src/PWM_function.o
                0x000018d6                pwm0
 .text.config_timer0
                0x0000192e       0x1a src/timere.o
                0x0000192e                config_timer0
 .text.__vector_10
                0x00001948       0x1e src/timere.o
                0x00001948                __vector_10
 .text.config_timer1
                0x00001966       0x1e src/timere.o
                0x00001966                config_timer1
 .text.__vector_7
                0x00001984       0x1e src/timere.o
                0x00001984                __vector_7
 .text.usart_init
                0x000019a2       0x14 src/USART.o
                0x000019a2                usart_init
 .text.__vector_15
                0x000019b6       0x56 src/USART.o
                0x000019b6                __vector_15
 .text.__vector_13
                0x00001a0c       0x6a src/USART.o
                0x00001a0c                __vector_13
 .text.commandReceived
                0x00001a76       0xba src/USART.o
                0x00001a76                commandReceived
 .text.main     0x00001b30       0x14 src/main.o
                0x00001b30                main
 .text.libgcc.div
                0x00001b44       0x44 c:/program files (x86)/atmel/studio/7.0/toolchain/avr8/avr8-gnu-toolchain/bin/../lib/gcc/avr/5.4.0/avr5\libgcc.a(_udivmodsi4.o)
                0x00001b44                __udivmodsi4
 .text.libgcc.mul
                0x00001b88       0x1e c:/program files (x86)/atmel/studio/7.0/toolchain/avr8/avr8-gnu-toolchain/bin/../lib/gcc/avr/5.4.0/avr5\libgcc.a(_umulhisi3.o)
                0x00001b88                __umulhisi3
 .text.avr-libc
                0x00001ba6       0x3a c:/program files (x86)/atmel/studio/7.0/toolchain/avr8/avr8-gnu-toolchain/bin/../lib/gcc/avr/5.4.0/../../../../avr/lib/avr5\libc.a(atoi.o)
                0x00001ba6                atoi
 .text.avr-libc
                0x00001be0       0x14 c:/program files (x86)/atmel/studio/7.0/toolchain/avr8/avr8-gnu-toolchain/bin/../lib/gcc/avr/5.4.0/../../../../avr/lib/avr5\libc.a(itoa_ncheck.o)
                0x00001be0                __itoa_ncheck
 .text.avr-libc
                0x00001bf4       0x10 c:/program files (x86)/atmel/studio/7.0/toolchain/avr8/avr8-gnu-toolchain/bin/../lib/gcc/avr/5.4.0/../../../../avr/lib/avr5\libc.a(mul10.o)
                0x00001bf4                __mulhi_const_10
 .text.avr-libc
                0x00001c04       0x32 c:/program files (x86)/atmel/studio/7.0/toolchain/avr8/avr8-gnu-toolchain/bin/../lib/gcc/avr/5.4.0/../../../../avr/lib/avr5\libc.a(utoa_ncheck.o)
                0x00001c04                __utoa_ncheck
                0x00001c06                __utoa_common
 .text.avr-libc
                0x00001c36       0x20 c:/program files (x86)/atmel/studio/7.0/toolchain/avr8/avr8-gnu-toolchain/bin/../lib/gcc/avr/5.4.0/../../../../avr/lib/avr5\libc.a(strrev.o)
                0x00001c36                strrev
                0x00001c56                . = ALIGN (0x2)
 *(.fini9)
 .fini9         0x00001c56        0x0 c:/program files (x86)/atmel/studio/7.0/toolchain/avr8/avr8-gnu-toolchain/bin/../lib/gcc/avr/5.4.0/avr5\libgcc.a(_exit.o)
                0x00001c56                _exit
                0x00001c56                exit
 *(.fini9)
 *(.fini8)
 *(.fini8)
 *(.fini7)
 *(.fini7)
 *(.fini6)
 *(.fini6)
 *(.fini5)
 *(.fini5)
 *(.fini4)
 *(.fini4)
 *(.fini3)
 *(.fini3)
 *(.fini2)
 *(.fini2)
 *(.fini1)
 *(.fini1)
 *(.fini0)
 .fini0         0x00001c56        0x4 c:/program files (x86)/atmel/studio/7.0/toolchain/avr8/avr8-gnu-toolchain/bin/../lib/gcc/avr/5.4.0/avr5\libgcc.a(_exit.o)
 *(.fini0)
                0x00001c5a                _etext = .

.data           0x00800060        0x0 load address 0x00001c5a
                [!provide]                PROVIDE (__data_start, .)
 *(.data)
 *(.data*)
 *(.gnu.linkonce.d*)
 *(.rodata)
 *(.rodata*)
 *(.gnu.linkonce.r*)
                0x00800060                . = ALIGN (0x2)
                0x00800060                _edata = .
                [!provide]                PROVIDE (__data_end, .)

.bss            0x00800060       0xfc
                0x00800060                PROVIDE (__bss_start, .)
 *(.bss)
 *(.bss*)
 .bss.flag_down.2305
                0x00800060        0x1 src/PWM_logic.o
 .bss.counter_down.2302
                0x00800061        0x2 src/PWM_logic.o
 .bss.flag_up.2304
                0x00800063        0x1 src/PWM_logic.o
 .bss.counter_up.2301
                0x00800064        0x2 src/PWM_logic.o
 .bss.count1.2218
                0x00800066        0x2 src/LCD_functions_start.o
 .bss.flag2.2217
                0x00800068        0x2 src/LCD_functions_start.o
 .bss.flag1.2216
                0x0080006a        0x2 src/LCD_functions_start.o
 .bss.count1.2212
                0x0080006c        0x2 src/LCD_functions_start.o
 .bss.flag2.2211
                0x0080006e        0x2 src/LCD_functions_start.o
 .bss.flag1.2210
                0x00800070        0x2 src/LCD_functions_start.o
 .bss.count1.2206
                0x00800072        0x2 src/LCD_functions_start.o
 .bss.flag2.2205
                0x00800074        0x2 src/LCD_functions_start.o
 .bss.flag1.2204
                0x00800076        0x2 src/LCD_functions_start.o
 .bss.count1.2200
                0x00800078        0x2 src/LCD_functions_start.o
 .bss.flag2.2199
                0x0080007a        0x2 src/LCD_functions_start.o
 .bss.flag1.2198
                0x0080007c        0x2 src/LCD_functions_start.o
 .bss.count1.2194
                0x0080007e        0x2 src/LCD_functions_start.o
 .bss.flag2.2193
                0x00800080        0x2 src/LCD_functions_start.o
 .bss.flag1.2192
                0x00800082        0x2 src/LCD_functions_start.o
 .bss.count1.2183
                0x00800084        0x2 src/LCD_functions_start.o
 .bss.flag2.2182
                0x00800086        0x2 src/LCD_functions_start.o
 .bss.flag1.2181
                0x00800088        0x2 src/LCD_functions_start.o
 .bss.count1.2177
                0x0080008a        0x2 src/LCD_functions_start.o
 .bss.flag2.2176
                0x0080008c        0x2 src/LCD_functions_start.o
 .bss.flag1.2175
                0x0080008e        0x2 src/LCD_functions_start.o
 .bss.count1.2183
                0x00800090        0x2 src/LCD_functions_FU.o
 .bss.flag2.2182
                0x00800092        0x2 src/LCD_functions_FU.o
 .bss.flag1.2181
                0x00800094        0x2 src/LCD_functions_FU.o
 .bss.count1.2177
                0x00800096        0x2 src/LCD_functions_FU.o
 .bss.flag2.2176
                0x00800098        0x2 src/LCD_functions_FU.o
 .bss.flag1.2175
                0x0080009a        0x2 src/LCD_functions_FU.o
 .bss.count1.2171
                0x0080009c        0x2 src/LCD_functions_FU.o
 .bss.flag2.2170
                0x0080009e        0x2 src/LCD_functions_FU.o
 .bss.flag1.2169
                0x008000a0        0x2 src/LCD_functions_FU.o
 .bss.count1.2183
                0x008000a2        0x2 src/LCD_functions_Off.o
 .bss.flag2.2182
                0x008000a4        0x2 src/LCD_functions_Off.o
 .bss.flag1.2181
                0x008000a6        0x2 src/LCD_functions_Off.o
 .bss.count1.2177
                0x008000a8        0x2 src/LCD_functions_Off.o
 .bss.flag2.2176
                0x008000aa        0x2 src/LCD_functions_Off.o
 .bss.flag1.2175
                0x008000ac        0x2 src/LCD_functions_Off.o
 .bss.count1.2171
                0x008000ae        0x2 src/LCD_functions_Off.o
 .bss.flag2.2170
                0x008000b0        0x2 src/LCD_functions_Off.o
 .bss.flag1.2169
                0x008000b2        0x2 src/LCD_functions_Off.o
 .bss.count1.2177
                0x008000b4        0x2 src/LCD_functions_On.o
 .bss.flag2.2176
                0x008000b6        0x2 src/LCD_functions_On.o
 .bss.flag1.2175
                0x008000b8        0x2 src/LCD_functions_On.o
 .bss.count1.2171
                0x008000ba        0x2 src/LCD_functions_On.o
 .bss.flag2.2170
                0x008000bc        0x2 src/LCD_functions_On.o
 .bss.flag1.2169
                0x008000be        0x2 src/LCD_functions_On.o
 .bss.count1.2231
                0x008000c0        0x2 src/LCD_functions_spaces.o
 .bss.flag2.2230
                0x008000c2        0x2 src/LCD_functions_spaces.o
 .bss.flag1.2229
                0x008000c4        0x2 src/LCD_functions_spaces.o
 .bss.count1.2225
                0x008000c6        0x2 src/LCD_functions_spaces.o
 .bss.flag2.2224
                0x008000c8        0x2 src/LCD_functions_spaces.o
 .bss.flag1.2223
                0x008000ca        0x2 src/LCD_functions_spaces.o
 .bss.count1.2219
                0x008000cc        0x2 src/LCD_functions_spaces.o
 .bss.flag2.2218
                0x008000ce        0x2 src/LCD_functions_spaces.o
 .bss.flag1.2217
                0x008000d0        0x2 src/LCD_functions_spaces.o
 .bss.count1.2213
                0x008000d2        0x2 src/LCD_functions_spaces.o
 .bss.flag2.2212
                0x008000d4        0x2 src/LCD_functions_spaces.o
 .bss.flag1.2211
                0x008000d6        0x2 src/LCD_functions_spaces.o
 .bss.count1.2207
                0x008000d8        0x2 src/LCD_functions_spaces.o
 .bss.flag2.2206
                0x008000da        0x2 src/LCD_functions_spaces.o
 .bss.flag1.2205
                0x008000dc        0x2 src/LCD_functions_spaces.o
 .bss.count1.2201
                0x008000de        0x2 src/LCD_functions_spaces.o
 .bss.flag2.2200
                0x008000e0        0x2 src/LCD_functions_spaces.o
 .bss.flag1.2199
                0x008000e2        0x2 src/LCD_functions_spaces.o
 .bss.count1.2195
                0x008000e4        0x2 src/LCD_functions_spaces.o
 .bss.flag2.2194
                0x008000e6        0x2 src/LCD_functions_spaces.o
 .bss.flag1.2193
                0x008000e8        0x2 src/LCD_functions_spaces.o
 .bss.count1.2189
                0x008000ea        0x2 src/LCD_functions_spaces.o
 .bss.flag2.2188
                0x008000ec        0x2 src/LCD_functions_spaces.o
 .bss.flag1.2187
                0x008000ee        0x2 src/LCD_functions_spaces.o
 .bss.count1.2183
                0x008000f0        0x2 src/LCD_functions_spaces.o
 .bss.flag2.2182
                0x008000f2        0x2 src/LCD_functions_spaces.o
 .bss.flag1.2181
                0x008000f4        0x2 src/LCD_functions_spaces.o
 .bss.count1.2177
                0x008000f6        0x2 src/LCD_functions_spaces.o
 .bss.flag2.2176
                0x008000f8        0x2 src/LCD_functions_spaces.o
 .bss.flag1.2175
                0x008000fa        0x2 src/LCD_functions_spaces.o
 .bss.count1.2171
                0x008000fc        0x2 src/LCD_functions_spaces.o
 .bss.flag2.2170
                0x008000fe        0x2 src/LCD_functions_spaces.o
 .bss.flag1.2169
                0x00800100        0x2 src/LCD_functions_spaces.o
 .bss.count1.2189
                0x00800102        0x2 src/LCD_functions_str.o
 .bss.flag2.2188
                0x00800104        0x2 src/LCD_functions_str.o
 .bss.flag1.2187
                0x00800106        0x2 src/LCD_functions_str.o
 .bss.count1.2183
                0x00800108        0x2 src/LCD_functions_str.o
 .bss.flag2.2182
                0x0080010a        0x2 src/LCD_functions_str.o
 .bss.flag1.2181
                0x0080010c        0x2 src/LCD_functions_str.o
 .bss.count1.2177
                0x0080010e        0x2 src/LCD_functions_str.o
 .bss.flag2.2176
                0x00800110        0x2 src/LCD_functions_str.o
 .bss.flag1.2175
                0x00800112        0x2 src/LCD_functions_str.o
 .bss.count1.2171
                0x00800114        0x2 src/LCD_functions_str.o
 .bss.flag2.2170
                0x00800116        0x2 src/LCD_functions_str.o
 .bss.flag1.2169
                0x00800118        0x2 src/LCD_functions_str.o
 .bss.count1.2195
                0x0080011a        0x2 src/LCD_functions_T.o
 .bss.flag2.2194
                0x0080011c        0x2 src/LCD_functions_T.o
 .bss.flag1.2193
                0x0080011e        0x2 src/LCD_functions_T.o
 .bss.count1.2189
                0x00800120        0x2 src/LCD_functions_T.o
 .bss.flag2.2188
                0x00800122        0x2 src/LCD_functions_T.o
 .bss.flag1.2187
                0x00800124        0x2 src/LCD_functions_T.o
 .bss.count1.2183
                0x00800126        0x2 src/LCD_functions_T.o
 .bss.flag2.2182
                0x00800128        0x2 src/LCD_functions_T.o
 .bss.flag1.2181
                0x0080012a        0x2 src/LCD_functions_T.o
 .bss.count1.2177
                0x0080012c        0x2 src/LCD_functions_T.o
 .bss.flag2.2176
                0x0080012e        0x2 src/LCD_functions_T.o
 .bss.flag1.2175
                0x00800130        0x2 src/LCD_functions_T.o
 .bss.count1.2171
                0x00800132        0x2 src/LCD_functions_T.o
 .bss.flag2.2170
                0x00800134        0x2 src/LCD_functions_T.o
 .bss.flag1.2169
                0x00800136        0x2 src/LCD_functions_T.o
 .bss.flag_first_imp.2178
                0x00800138        0x1 src/state_machine.o
 .bss.count_debounce.2179
                0x00800139        0x1 src/state_machine.o
 .bss.count.2170
                0x0080013a        0x2 src/PWM_function.o
 .bss.command_transmited
                0x0080013c        0x1 src/USART.o
                0x0080013c                command_transmited
 .bss.command_received
                0x0080013d        0x1 src/USART.o
                0x0080013d                command_received
 .bss.index_vect
                0x0080013e        0x1 src/USART.o
                0x0080013e                index_vect
 *(COMMON)
 COMMON         0x0080013f       0x17 src/initialization.o
                0x0080013f                signal_off
                0x00800140                var_1ms
                0x00800141                position_ASCII
                0x00800143                up_pulses
                0x00800145                signal_on
                0x00800146                T_val
                0x00800148                FU_val
                0x0080014a                enable_pwm
                0x0080014b                display_T
                0x0080014c                str_measured_value
                0x00800152                var_24us
                0x00800153                period
                0x00800155                channel_position
 COMMON         0x00800156        0x6 src/USART.o
                0x00800156                temp
                0x0080015c                PROVIDE (__bss_end, .)
                0x00001c5a                __data_load_start = LOADADDR (.data)
                0x00001c5a                __data_load_end = (__data_load_start + SIZEOF (.data))

.noinit         0x0080015c        0x0
                [!provide]                PROVIDE (__noinit_start, .)
 *(.noinit*)
                [!provide]                PROVIDE (__noinit_end, .)
                0x0080015c                _end = .
                [!provide]                PROVIDE (__heap_start, .)

.eeprom         0x00810000        0x0
 *(.eeprom*)
                0x00810000                __eeprom_end = .

.fuse
 *(.fuse)
 *(.lfuse)
 *(.hfuse)
 *(.efuse)

.lock
 *(.lock*)

.signature
 *(.signature*)

.user_signatures
 *(.user_signatures*)

.stab
 *(.stab)

.stabstr
 *(.stabstr)

.stab.excl
 *(.stab.excl)

.stab.exclstr
 *(.stab.exclstr)

.stab.index
 *(.stab.index)

.stab.indexstr
 *(.stab.indexstr)

.comment        0x00000000       0x30
 *(.comment)
 .comment       0x00000000       0x30 src/initialization.o
                                 0x31 (size before relaxing)
 .comment       0x00000030       0x31 src/PWM_logic.o
 .comment       0x00000030       0x31 src/LCD_functions_start.o
 .comment       0x00000030       0x31 src/LCD_functions_FU.o
 .comment       0x00000030       0x31 src/LCD_functions_Off.o
 .comment       0x00000030       0x31 src/LCD_functions_On.o
 .comment       0x00000030       0x31 src/LCD_functions_spaces.o
 .comment       0x00000030       0x31 src/LCD_functions_str.o
 .comment       0x00000030       0x31 src/LCD_functions_T.o
 .comment       0x00000030       0x31 src/state_machine.o
 .comment       0x00000030       0x31 src/PWM_function.o
 .comment       0x00000030       0x31 src/timere.o
 .comment       0x00000030       0x31 src/USART.o
 .comment       0x00000030       0x31 src/main.o

.note.gnu.avr.deviceinfo
                0x00000000       0x3c
 .note.gnu.avr.deviceinfo
                0x00000000       0x3c C:/Program Files (x86)/Atmel/Studio/7.0/Packs/atmel/ATmega_DFP/1.7.374/gcc/dev/atmega32/avr5/crtatmega32.o

.note.gnu.build-id
 *(.note.gnu.build-id)

.debug
 *(.debug)

.line
 *(.line)

.debug_srcinfo
 *(.debug_srcinfo)

.debug_sfnames
 *(.debug_sfnames)

.debug_aranges  0x00000000      0x2e8
 *(.debug_aranges)
 .debug_aranges
                0x00000000       0x20 src/initialization.o
 .debug_aranges
                0x00000020       0x20 src/PWM_logic.o
 .debug_aranges
                0x00000040       0x60 src/LCD_functions_start.o
 .debug_aranges
                0x000000a0       0x30 src/LCD_functions_FU.o
 .debug_aranges
                0x000000d0       0x30 src/LCD_functions_Off.o
 .debug_aranges
                0x00000100       0x28 src/LCD_functions_On.o
 .debug_aranges
                0x00000128       0x70 src/LCD_functions_spaces.o
 .debug_aranges
                0x00000198       0x38 src/LCD_functions_str.o
 .debug_aranges
                0x000001d0       0x40 src/LCD_functions_T.o
 .debug_aranges
                0x00000210       0x28 src/state_machine.o
 .debug_aranges
                0x00000238       0x20 src/PWM_function.o
 .debug_aranges
                0x00000258       0x38 src/timere.o
 .debug_aranges
                0x00000290       0x38 src/USART.o
 .debug_aranges
                0x000002c8       0x20 src/main.o

.debug_pubnames
 *(.debug_pubnames)

.debug_info     0x00000000     0x2f92
 *(.debug_info .gnu.linkonce.wi.*)
 .debug_info    0x00000000      0x4e6 C:/Program Files (x86)/Atmel/Studio/7.0/Packs/atmel/ATmega_DFP/1.7.374/gcc/dev/atmega32/avr5/crtatmega32.o
 .debug_info    0x000004e6      0x20f src/initialization.o
 .debug_info    0x000006f5      0x342 src/PWM_logic.o
 .debug_info    0x00000a37      0x65b src/LCD_functions_start.o
 .debug_info    0x00001092      0x2c7 src/LCD_functions_FU.o
 .debug_info    0x00001359      0x2ba src/LCD_functions_Off.o
 .debug_info    0x00001613      0x25f src/LCD_functions_On.o
 .debug_info    0x00001872      0x590 src/LCD_functions_spaces.o
 .debug_info    0x00001e02      0x361 src/LCD_functions_str.o
 .debug_info    0x00002163      0x393 src/LCD_functions_T.o
 .debug_info    0x000024f6      0x1ef src/state_machine.o
 .debug_info    0x000026e5      0x1e2 src/PWM_function.o
 .debug_info    0x000028c7      0x1ff src/timere.o
 .debug_info    0x00002ac6      0x297 src/USART.o
 .debug_info    0x00002d5d      0x235 src/main.o

.debug_abbrev   0x00000000     0x1044
 *(.debug_abbrev)
 .debug_abbrev  0x00000000      0x4a3 C:/Program Files (x86)/Atmel/Studio/7.0/Packs/atmel/ATmega_DFP/1.7.374/gcc/dev/atmega32/avr5/crtatmega32.o
 .debug_abbrev  0x000004a3       0x9d src/initialization.o
 .debug_abbrev  0x00000540      0x17d src/PWM_logic.o
 .debug_abbrev  0x000006bd      0x1d7 src/LCD_functions_start.o
 .debug_abbrev  0x00000894       0xae src/LCD_functions_FU.o
 .debug_abbrev  0x00000942       0xae src/LCD_functions_Off.o
 .debug_abbrev  0x000009f0       0xae src/LCD_functions_On.o
 .debug_abbrev  0x00000a9e       0xc7 src/LCD_functions_spaces.o
 .debug_abbrev  0x00000b65       0xae src/LCD_functions_str.o
 .debug_abbrev  0x00000c13       0xae src/LCD_functions_T.o
 .debug_abbrev  0x00000cc1       0xa7 src/state_machine.o
 .debug_abbrev  0x00000d68       0xa2 src/PWM_function.o
 .debug_abbrev  0x00000e0a       0x96 src/timere.o
 .debug_abbrev  0x00000ea0      0x10f src/USART.o
 .debug_abbrev  0x00000faf       0x95 src/main.o

.debug_line     0x00000000     0x4df3
 *(.debug_line .debug_line.* .debug_line_end)
 .debug_line    0x00000000      0x116 C:/Program Files (x86)/Atmel/Studio/7.0/Packs/atmel/ATmega_DFP/1.7.374/gcc/dev/atmega32/avr5/crtatmega32.o
 .debug_line    0x00000116      0x3ee src/initialization.o
 .debug_line    0x00000504      0x473 src/PWM_logic.o
 .debug_line    0x00000977      0x908 src/LCD_functions_start.o
 .debug_line    0x0000127f      0x543 src/LCD_functions_FU.o
 .debug_line    0x000017c2      0x544 src/LCD_functions_Off.o
 .debug_line    0x00001d06      0x4ae src/LCD_functions_On.o
 .debug_line    0x000021b4      0x9e3 src/LCD_functions_spaces.o
 .debug_line    0x00002b97      0x700 src/LCD_functions_str.o
 .debug_line    0x00003297      0x696 src/LCD_functions_T.o
 .debug_line    0x0000392d      0x445 src/state_machine.o
 .debug_line    0x00003d72      0x3da src/PWM_function.o
 .debug_line    0x0000414c      0x410 src/timere.o
 .debug_line    0x0000455c      0x4d5 src/USART.o
 .debug_line    0x00004a31      0x3c2 src/main.o

.debug_frame    0x00000000      0x4ac
 *(.debug_frame)
 .debug_frame   0x00000000       0x24 src/initialization.o
 .debug_frame   0x00000024       0x24 src/PWM_logic.o
 .debug_frame   0x00000048       0xac src/LCD_functions_start.o
 .debug_frame   0x000000f4       0x44 src/LCD_functions_FU.o
 .debug_frame   0x00000138       0x44 src/LCD_functions_Off.o
 .debug_frame   0x0000017c       0x34 src/LCD_functions_On.o
 .debug_frame   0x000001b0       0xc4 src/LCD_functions_spaces.o
 .debug_frame   0x00000274       0x54 src/LCD_functions_str.o
 .debug_frame   0x000002c8       0x64 src/LCD_functions_T.o
 .debug_frame   0x0000032c       0x34 src/state_machine.o
 .debug_frame   0x00000360       0x24 src/PWM_function.o
 .debug_frame   0x00000384       0x74 src/timere.o
 .debug_frame   0x000003f8       0x90 src/USART.o
 .debug_frame   0x00000488       0x24 src/main.o

.debug_str      0x00000000     0xfa85
 *(.debug_str)
 .debug_str     0x00000000      0x196 C:/Program Files (x86)/Atmel/Studio/7.0/Packs/atmel/ATmega_DFP/1.7.374/gcc/dev/atmega32/avr5/crtatmega32.o
 .debug_str     0x00000196     0xf25d src/initialization.o
                               0xf40a (size before relaxing)
 .debug_str     0x0000f3f3      0x1f9 src/PWM_logic.o
                               0xf5b1 (size before relaxing)
 .debug_str     0x0000f5ec      0x136 src/LCD_functions_start.o
                               0xf4f2 (size before relaxing)
 .debug_str     0x0000f722       0x54 src/LCD_functions_FU.o
                               0xf425 (size before relaxing)
 .debug_str     0x0000f776       0x43 src/LCD_functions_Off.o
                               0xf415 (size before relaxing)
 .debug_str     0x0000f7b9       0x35 src/LCD_functions_On.o
                               0xf407 (size before relaxing)
 .debug_str     0x0000f7ee       0xa0 src/LCD_functions_spaces.o
                               0xf496 (size before relaxing)
 .debug_str     0x0000f88e       0x5e src/LCD_functions_str.o
                               0xf435 (size before relaxing)
 .debug_str     0x0000f8ec       0x2f src/LCD_functions_T.o
                               0xf451 (size before relaxing)
 .debug_str     0x0000f91b       0x4f src/state_machine.o
                               0xf402 (size before relaxing)
 .debug_str     0x0000f96a       0x1c src/PWM_function.o
                               0xf3cc (size before relaxing)
 .debug_str     0x0000f986       0x30 src/timere.o
                               0xf3ff (size before relaxing)
 .debug_str     0x0000f9b6       0xbc src/USART.o
                               0xf480 (size before relaxing)
 .debug_str     0x0000fa72       0x13 src/main.o
                               0xf411 (size before relaxing)

.debug_loc      0x00000000      0x32f
 *(.debug_loc)
 .debug_loc     0x00000000       0x58 src/PWM_logic.o
 .debug_loc     0x00000058      0x113 src/LCD_functions_start.o
 .debug_loc     0x0000016b       0x80 src/PWM_function.o
 .debug_loc     0x000001eb       0x78 src/timere.o
 .debug_loc     0x00000263       0xcc src/USART.o

.debug_macinfo
 *(.debug_macinfo)

.debug_weaknames
 *(.debug_weaknames)

.debug_funcnames
 *(.debug_funcnames)

.debug_typenames
 *(.debug_typenames)

.debug_varnames
 *(.debug_varnames)

.debug_pubtypes
 *(.debug_pubtypes)

.debug_ranges   0x00000000      0x208
 *(.debug_ranges)
 .debug_ranges  0x00000000       0x10 src/initialization.o
 .debug_ranges  0x00000010       0x10 src/PWM_logic.o
 .debug_ranges  0x00000020       0x50 src/LCD_functions_start.o
 .debug_ranges  0x00000070       0x20 src/LCD_functions_FU.o
 .debug_ranges  0x00000090       0x20 src/LCD_functions_Off.o
 .debug_ranges  0x000000b0       0x18 src/LCD_functions_On.o
 .debug_ranges  0x000000c8       0x60 src/LCD_functions_spaces.o
 .debug_ranges  0x00000128       0x28 src/LCD_functions_str.o
 .debug_ranges  0x00000150       0x30 src/LCD_functions_T.o
 .debug_ranges  0x00000180       0x18 src/state_machine.o
 .debug_ranges  0x00000198       0x10 src/PWM_function.o
 .debug_ranges  0x000001a8       0x28 src/timere.o
 .debug_ranges  0x000001d0       0x28 src/USART.o
 .debug_ranges  0x000001f8       0x10 src/main.o

.debug_macro    0x00000000     0x3f0c
 *(.debug_macro)
 .debug_macro   0x00000000      0x140 src/initialization.o
 .debug_macro   0x00000140      0xa4e src/initialization.o
 .debug_macro   0x00000b8e       0xac src/initialization.o
 .debug_macro   0x00000c3a       0x10 src/initialization.o
 .debug_macro   0x00000c4a      0x1c9 src/initialization.o
 .debug_macro   0x00000e13      0x2fc src/initialization.o
 .debug_macro   0x0000110f       0x9e src/initialization.o
 .debug_macro   0x000011ad      0xc24 src/initialization.o
 .debug_macro   0x00001dd1      0x170 src/initialization.o
 .debug_macro   0x00001f41       0xbd src/initialization.o
 .debug_macro   0x00001ffe       0x34 src/initialization.o
 .debug_macro   0x00002032       0x18 src/initialization.o
 .debug_macro   0x0000204a       0x6c src/initialization.o
 .debug_macro   0x000020b6      0x71d src/initialization.o
 .debug_macro   0x000027d3       0x22 src/initialization.o
 .debug_macro   0x000027f5      0x16d src/initialization.o
 .debug_macro   0x00002962       0x1c src/initialization.o
 .debug_macro   0x0000297e       0x35 src/initialization.o
 .debug_macro   0x000029b3       0x66 src/initialization.o
 .debug_macro   0x00002a19       0x43 src/initialization.o
 .debug_macro   0x00002a5c       0x10 src/initialization.o
 .debug_macro   0x00002a6c       0xe2 src/initialization.o
 .debug_macro   0x00002b4e       0x40 src/initialization.o
 .debug_macro   0x00002b8e      0x100 src/initialization.o
 .debug_macro   0x00002c8e       0x69 src/initialization.o
 .debug_macro   0x00002cf7       0x2b src/initialization.o
 .debug_macro   0x00002d22       0x10 src/initialization.o
 .debug_macro   0x00002d32      0x160 src/initialization.o
 .debug_macro   0x00002e92      0x158 src/PWM_logic.o
 .debug_macro   0x00002fea       0x16 src/PWM_logic.o
 .debug_macro   0x00003000      0x140 src/LCD_functions_start.o
 .debug_macro   0x00003140      0x140 src/LCD_functions_FU.o
 .debug_macro   0x00003280      0x140 src/LCD_functions_Off.o
 .debug_macro   0x000033c0      0x140 src/LCD_functions_On.o
 .debug_macro   0x00003500      0x140 src/LCD_functions_spaces.o
 .debug_macro   0x00003640      0x140 src/LCD_functions_str.o
 .debug_macro   0x00003780      0x140 src/LCD_functions_T.o
 .debug_macro   0x000038c0      0x140 src/state_machine.o
 .debug_macro   0x00003a00      0x140 src/PWM_function.o
 .debug_macro   0x00003b40      0x140 src/timere.o
 .debug_macro   0x00003c80      0x14c src/USART.o
 .debug_macro   0x00003dcc      0x140 src/main.o
OUTPUT(proiect_final.elf elf32-avr)
LOAD linker stubs
